
> truthchain@0.0.0 build
> tsc -b && vite build

vite v6.2.2 building for production...
transforming...
node_modules/onnxruntime-web/dist/ort-web.min.js (6:62546): Use of eval in "node_modules/onnxruntime-web/dist/ort-web.min.js" is strongly discouraged as it poses security risks and may cause issues with minification.
✓ 281 modules transformed.
rendering chunks...
computing gzip size...
dist/index.html                     0.46 kB │ gzip:   0.30 kB
dist/assets/index-CQr-ueee.css     22.19 kB │ gzip:   4.97 kB
dist/assets/index-DKYar-nB.js   1,383.88 kB │ gzip: 374.56 kB

(!) Some chunks are larger than 500 kB after minification. Consider:
- Using dynamic import() to code-split the application
- Use build.rollupOptions.output.manualChunks to improve chunking: https://rollupjs.org/configuration-options/#output-manualchunks
- Adjust chunk size limit for this warning via build.chunkSizeWarningLimit.
✓ built in 1.44s
